
Started Import Process
# System Details: 
Debug Mode 		: Disabled
Operating System 	: Linux
Software 		: Apache/2.4.63 (Debian)
MySQL version 		: 10.5.29
XML Reader 		: Yes
PHP Version 		: 8.3.24
PHP Max Input Vars 	: 10000
PHP Max Post Size 	: 100M
PHP Extension GD 	: Yes
PHP Max Execution Time 	: 300
Max Upload Size 	: 100 MB
Memory Limit 		: Current memory limit 40M. We recommend setting memory to at least 64M.
Timezone 		: 0

-----

Importing Started! - 03:14:48 UTC
---

WHY IMPORT PROCESS CAN FAIL? READ THIS - 
https://wpastra.com/docs/?p=1314&utm_source=demo-import-panel&utm_campaign=import-error&utm_medium=wp-dashboard

---
